#-----------------------------------------------------------
# Vivado v2023.2_AR000036317 (64-bit)
# SW Build 4029153 on Fri Oct 13 20:14:34 MDT 2023
# IP Build 4028589 on Sat Oct 14 00:45:43 MDT 2023
# SharedData Build 4025554 on Tue Oct 10 17:18:54 MDT 2023
# Start of session at: Wed Mar  5 17:21:43 2025
# Process ID: 10992
# Current directory: C:/Users/SODONNE8/Documents/GitHub/DIGITAL-SYSTEMS-DESIGN/LabA/tutorial code/project_A/project_A.runs/sine_high_synth_1
# Command line: vivado.exe -log sine_high.vds -product Vivado -mode batch -messageDb vivado.pb -notrace -source sine_high.tcl
# Log file: C:/Users/SODONNE8/Documents/GitHub/DIGITAL-SYSTEMS-DESIGN/LabA/tutorial code/project_A/project_A.runs/sine_high_synth_1/sine_high.vds
# Journal file: C:/Users/SODONNE8/Documents/GitHub/DIGITAL-SYSTEMS-DESIGN/LabA/tutorial code/project_A/project_A.runs/sine_high_synth_1\vivado.jou
# Running On: TCD-CNH4NX2, OS: Windows, CPU Frequency: 3312 MHz, CPU Physical cores: 6, Host memory: 34187 MB
#-----------------------------------------------------------
source sine_high.tcl -notrace
