#-----------------------------------------------------------
# Vivado v2024.1 (64-bit)
# SW Build 5076996 on Wed May 22 18:37:14 MDT 2024
# IP Build 5075265 on Wed May 22 21:45:21 MDT 2024
# SharedData Build 5076995 on Wed May 22 18:29:18 MDT 2024
# Start of session at: Sun Mar 23 15:27:08 2025
# Process ID: 21136
# Current directory: C:/Users/sodonne8/Desktop/GitHub/DIGITAL-SYSTEMS-DESIGN/Lab F/project_FC
# Command line: vivado.exe -gui_launcher_event rodinguilauncherevent14668 C:\Users\sodonne8\Desktop\GitHub\DIGITAL-SYSTEMS-DESIGN\Lab F\project_FC\project_FC.xpr
# Log file: C:/Users/sodonne8/Desktop/GitHub/DIGITAL-SYSTEMS-DESIGN/Lab F/project_FC/vivado.log
# Journal file: C:/Users/sodonne8/Desktop/GitHub/DIGITAL-SYSTEMS-DESIGN/Lab F/project_FC\vivado.jou
# Running On        :LG25-C7097F3
# Platform          :Windows Server 2016 or Windows 10
# Operating System  :22631
# Processor Detail  :Intel(R) Core(TM) i7-10700 CPU @ 2.90GHz
# CPU Frequency     :2904 MHz
# CPU Physical cores:8
# CPU Logical cores :16
# Host memory       :16881 MB
# Swap memory       :2550 MB
# Total Virtual     :19431 MB
# Available Virtual :10338 MB
#-----------------------------------------------------------
start_gui
open_project {C:/Users/sodonne8/Desktop/GitHub/DIGITAL-SYSTEMS-DESIGN/Lab F/project_FC/project_FC.xpr}
update_compile_order -fileset sources_1
launch_runs synth_1 -jobs 16
wait_on_run synth_1
launch_runs impl_1 -jobs 16
wait_on_run impl_1
launch_runs impl_1 -to_step write_bitstream -jobs 16
wait_on_run impl_1
reset_run synth_1
launch_runs synth_1 -jobs 16
wait_on_run synth_1
launch_runs impl_1 -jobs 16
wait_on_run impl_1
launch_runs impl_1 -to_step write_bitstream -jobs 16
wait_on_run impl_1
open_run impl_1
open_hw_manager
connect_hw_server -allow_non_jtag
open_hw_target
set_property PROGRAM.FILE {C:/Users/sodonne8/Desktop/GitHub/DIGITAL-SYSTEMS-DESIGN/Lab F/project_FC/project_FC.runs/impl_1/top_lfsr.bit} [get_hw_devices xc7a35t_0]
current_hw_device [get_hw_devices xc7a35t_0]
refresh_hw_device -update_hw_probes false [lindex [get_hw_devices xc7a35t_0] 0]
set_property PROBES.FILE {} [get_hw_devices xc7a35t_0]
set_property FULL_PROBES.FILE {} [get_hw_devices xc7a35t_0]
set_property PROGRAM.FILE {C:/Users/sodonne8/Desktop/GitHub/DIGITAL-SYSTEMS-DESIGN/Lab F/project_FC/project_FC.runs/impl_1/top_lfsr.bit} [get_hw_devices xc7a35t_0]
program_hw_devices [get_hw_devices xc7a35t_0]
refresh_hw_device [lindex [get_hw_devices xc7a35t_0] 0]
close_hw_manager
close_design
