#-----------------------------------------------------------
# Vivado v2023.2 (64-bit)
# SW Build 4029153 on Fri Oct 13 20:14:34 MDT 2023
# IP Build 4028589 on Sat Oct 14 00:45:43 MDT 2023
# SharedData Build 4025554 on Tue Oct 10 17:18:54 MDT 2023
# Start of session at: Wed Mar  5 19:46:12 2025
# Process ID: 40536
# Current directory: C:/Users/shane/Documents/DIGITAL-SYSTEMS-DESIGN/LabA/tutorial code/project_A
# Command line: vivado.exe -gui_launcher_event rodinguilauncherevent24620 C:\Users\shane\Documents\DIGITAL-SYSTEMS-DESIGN\LabA\tutorial code\project_A\project_A.xpr
# Log file: C:/Users/shane/Documents/DIGITAL-SYSTEMS-DESIGN/LabA/tutorial code/project_A/vivado.log
# Journal file: C:/Users/shane/Documents/DIGITAL-SYSTEMS-DESIGN/LabA/tutorial code/project_A\vivado.jou
# Running On: ShanesDELL, OS: Windows, CPU Frequency: 1882 MHz, CPU Physical cores: 10, Host memory: 16782 MB
#-----------------------------------------------------------
start_gui
open_project {C:/Users/shane/Documents/DIGITAL-SYSTEMS-DESIGN/LabA/tutorial code/project_A/project_A.xpr}
update_compile_order -fileset sources_1
