#-----------------------------------------------------------
# Vivado v2023.2_AR000036317 (64-bit)
# SW Build 4029153 on Fri Oct 13 20:14:34 MDT 2023
# IP Build 4028589 on Sat Oct 14 00:45:43 MDT 2023
# SharedData Build 4025554 on Tue Oct 10 17:18:54 MDT 2023
# Start of session at: Thu Mar  6 18:29:15 2025
# Process ID: 21552
# Current directory: C:/Users/SODONNE8/Documents/GitHub/DIGITAL-SYSTEMS-DESIGN/Lab E/project_E/project_E.runs/impl_1
# Command line: vivado.exe -log six_bit_ripple_adder.vdi -applog -product Vivado -messageDb vivado.pb -mode batch -source six_bit_ripple_adder.tcl -notrace
# Log file: C:/Users/SODONNE8/Documents/GitHub/DIGITAL-SYSTEMS-DESIGN/Lab E/project_E/project_E.runs/impl_1/six_bit_ripple_adder.vdi
# Journal file: C:/Users/SODONNE8/Documents/GitHub/DIGITAL-SYSTEMS-DESIGN/Lab E/project_E/project_E.runs/impl_1\vivado.jou
# Running On: TCD-CNH4NX2, OS: Windows, CPU Frequency: 3312 MHz, CPU Physical cores: 6, Host memory: 34187 MB
#-----------------------------------------------------------
source six_bit_ripple_adder.tcl -notrace
